// Jest Snapshot v1, https://goo.gl/fbAQLP

exports[`<Quote /> snapshot 1`] = `
<div>
  <div
    class="root-0-2-1"
  >
    <div
      class="container-0-2-2 container-d0-0-2-5"
    >
      <blockquote
        class="blockquote-0-2-3 blockquote-d1-0-2-6"
      >
        Test Quote here
      </blockquote>
    </div>
  </div>
</div>
`;

exports[`<Quote /> snapshot 2`] = `
".root-0-2-1 {
  display: flex;
  margin-top: 1rem;
  justify-content: center;
}
.container-0-2-2 {
  padding: 0.5em 1em;
  font-size: 1.5rem;
  max-width: 40ch;
  border-left-style: solid;
  border-left-width: 0.5em;
}
.blockquote-0-2-3 {
  margin: .75em 1.5em;
  font-style: italic;
}
.blockquote-0-2-3:before {
  margin: 0 0.25em 0 -.75em;
  content: \\"\\\\201C\\";
}
.blockquote-0-2-3:after {
  margin: 0;
  content: \\"\\\\201D\\";
}
.author-0-2-4 {
  fontstyle: normal;
  text-align: right;
  font-weight: bold;
}
.container-d0-0-2-5 {
  border-left-color: #78C0A8;
}
.blockquote-d1-0-2-6 {
  color: #555555;
}
.blockquote-d1-0-2-6:before {
  color: #555555;
}
.blockquote-d1-0-2-6:after {
  color: #555555;
}
.author-d2-0-2-7 {
  color: #333333;
}"
`;
